// Vitest Snapshot v1, https://vitest.dev/guide/snapshot.html

exports[`buildSpans snapshot > matches the canonical TinybirdTrace[] shape for a representative non-streaming request 1`] = `
[
  {
    "ApiKey": "tf-snapshot",
    "Duration": 500000000,
    "Events.Attributes": [
      "{"gen_ai.content.type":"text","gen_ai.response.streaming":"false"}",
    ],
    "Events.Name": [
      "output.text",
    ],
    "Events.Timestamp": [
      1500000000,
    ],
    "Links.Attributes": [],
    "Links.SpanId": [],
    "Links.TraceId": [],
    "Links.TraceState": [],
    "ParentSpanId": "",
    "ReceivedAt": 1700000000000000000,
    "ResourceAttributes": {
      "service.name": "llm-observability",
    },
    "RetentionExpiresAt": 1700604800000000000,
    "ServiceName": "llm-observability",
    "SpanAttributes": {
      "baggage.feature": "beta",
      "gen_ai.finish_reason": "stop",
      "gen_ai.operation.name": "chat",
      "gen_ai.request.model": "gpt-4",
      "gen_ai.request_id": "req-snapshot",
      "gen_ai.response.model": "gpt-4-0613",
      "gen_ai.response_id": "chatcmpl-1",
      "gen_ai.streaming": "false",
      "gen_ai.system": "openai",
      "gen_ai.tokens_per_second": "166.67",
      "gen_ai.usage.cache_read_input_tokens": "25",
      "gen_ai.usage.input_tokens": "100",
      "gen_ai.usage.input_tokens_uncached": "75",
      "gen_ai.usage.output_tokens": "50",
      "http.response.status_code": "200",
      "http.url": "https://api.openai.com/v1/chat/completions",
      "trace_flow.proxy_overhead_ms": "100",
      "trace_flow.source": "proxy",
      "trace_flow.upstream_ttfb_ms": "50",
    },
    "SpanId": "<generated>",
    "SpanKind": "SPAN_KIND_CLIENT",
    "SpanName": "chat gpt-4-0613",
    "StatusCode": "STATUS_CODE_OK",
    "StatusMessage": "",
    "TierAtIngestion": "hobby",
    "Timestamp": 1000000000,
    "TraceId": "req-snapshot",
    "TraceState": "",
  },
  {
    "ApiKey": "tf-snapshot",
    "Duration": 400000000,
    "Events.Attributes": [],
    "Events.Name": [],
    "Events.Timestamp": [],
    "Links.Attributes": [],
    "Links.SpanId": [],
    "Links.TraceId": [],
    "Links.TraceState": [],
    "ParentSpanId": "<generated>",
    "ReceivedAt": 1700000000000000000,
    "ResourceAttributes": {
      "service.name": "llm-observability",
    },
    "RetentionExpiresAt": 1700604800000000000,
    "ServiceName": "llm-observability",
    "SpanAttributes": {
      "gen_ai.content.type": "text",
      "gen_ai.message.index": "0",
      "gen_ai.request_id": "req-snapshot",
      "gen_ai.response.streaming": "false",
    },
    "SpanId": "<generated>",
    "SpanKind": "SPAN_KIND_INTERNAL",
    "SpanName": "gen_ai.response.text",
    "StatusCode": "STATUS_CODE_OK",
    "StatusMessage": "",
    "TierAtIngestion": "hobby",
    "Timestamp": 1100000000,
    "TraceId": "req-snapshot",
    "TraceState": "",
  },
]
`;
